// Jest Snapshot v1, https://goo.gl/fbAQLP

exports[`<Home /> should render the home correctly 1`] = `
.c12 {
  cursor: pointer;
  display: -webkit-box;
  display: -webkit-flex;
  display: -ms-flexbox;
  display: flex;
  -webkit-align-items: center;
  -webkit-box-align: center;
  -ms-flex-align: center;
  align-items: center;
  -webkit-box-pack: center;
  -webkit-justify-content: center;
  -ms-flex-pack: center;
  justify-content: center;
  width: 12rem;
  height: 3.2rem;
  font-size: 1.6rem;
  font-weight: 700;
  color: #FFFFFF;
  border: none;
  border-radius: 0.8rem;
  -webkit-transition: 0.3s ease-in-out;
  transition: 0.3s ease-in-out;
  background: #6084e9;
}

.c12:not(:disabled):is(:hover,:focus) {
  background: #3361e3;
}

.c12:disabled {
  cursor: not-allowed;
  background: #a4a4a4;
}

.c5 {
  display: -webkit-box;
  display: -webkit-flex;
  display: -ms-flexbox;
  display: flex;
  -webkit-flex-direction: column;
  -ms-flex-direction: column;
  flex-direction: column;
  gap: 0.8rem;
}

.c6 {
  font-size: 1.6rem;
}

.c7 {
  width: 100%;
  padding: 0.8rem 1.12rem;
  font-size: 1.4rem;
  border: 1px solid #777777;
  border-radius: 0.8rem;
}

.c7:focus {
  box-shadow: #B8BEF3 0px 0px 0px 1.5px;
}

.c7::-webkit-input-placeholder {
  color: #CCCCCC;
}

.c7::-moz-placeholder {
  color: #CCCCCC;
}

.c7:-ms-input-placeholder {
  color: #CCCCCC;
}

.c7::placeholder {
  color: #CCCCCC;
}

.c8 {
  display: -webkit-box;
  display: -webkit-flex;
  display: -ms-flexbox;
  display: flex;
  -webkit-flex-direction: column;
  -ms-flex-direction: column;
  flex-direction: column;
  gap: 0.8rem;
}

.c9 {
  font-size: 1.6rem;
}

.c10 {
  resize: vertical;
  width: 100%;
  min-height: 7.4rem;
  max-height: 26rem;
  padding: 0.8rem 1.12rem;
  font-size: 1.4rem;
  border: 1px solid #777777;
  border-radius: 0.8rem;
}

.c10:focus {
  box-shadow: #B8BEF3 0px 0px 0px 1.5px;
}

.c10::-webkit-input-placeholder {
  color: #CCCCCC;
}

.c10::-moz-placeholder {
  color: #CCCCCC;
}

.c10:-ms-input-placeholder {
  color: #CCCCCC;
}

.c10::placeholder {
  color: #CCCCCC;
}

.c3 {
  font-size: 2.2rem;
  font-weight: 700;
  color: #000000;
}

.c0 {
  max-width: 80rem;
  margin: 0 1.6rem;
}

.c1 {
  display: -webkit-box;
  display: -webkit-flex;
  display: -ms-flexbox;
  display: flex;
  -webkit-flex-direction: column;
  -ms-flex-direction: column;
  flex-direction: column;
  gap: 2.4rem;
  background: #FFFFFF;
}

.c11 {
  display: -webkit-box;
  display: -webkit-flex;
  display: -ms-flexbox;
  display: flex;
  gap: 1.6rem;
  -webkit-box-pack: end;
  -webkit-justify-content: end;
  -ms-flex-pack: end;
  justify-content: end;
  width: 100%;
  margin-top: 1.6rem;
}

.c4 {
  display: -webkit-box;
  display: -webkit-flex;
  display: -ms-flexbox;
  display: flex;
  -webkit-flex-direction: column;
  -ms-flex-direction: column;
  flex-direction: column;
  gap: 2.4rem;
}

.c2 {
  display: -webkit-box;
  display: -webkit-flex;
  display: -ms-flexbox;
  display: flex;
  -webkit-flex-direction: column;
  -ms-flex-direction: column;
  flex-direction: column;
  gap: 2.4rem;
  padding: 0 2.4rem 2.4rem;
}

@media (min-width:832px) {
  .c0 {
    margin-left: auto;
    margin-right: auto;
  }
}

<section
  class="c0 c1"
>
  <div
    data-testid="Header Mock"
  />
  <main
    class="c2"
  >
    <h2
      class="c3"
      color="primary"
    >
      What’s on your mind?
    </h2>
    <form
      class="c4"
    >
      <div
        class="c5"
      >
        <label
          class="c6"
          for=":r0:"
        >
          Title
        </label>
        <input
          aria-label="Title"
          class="c7"
          id=":r0:"
          name="title"
          placeholder="Hello world"
        />
      </div>
      <div
        class="c8"
      >
        <label
          class="c9"
          for=":r1:"
        >
          Content
        </label>
        <textarea
          aria-label="Content"
          class="c10"
          id=":r1:"
          name="content"
          placeholder="Content here"
        />
      </div>
      <div
        class="c11"
      >
        <button
          class="c12"
          disabled=""
        >
          CREATE
        </button>
      </div>
    </form>
    <div
      data-testid="Post Mock"
    />
  </main>
</section>
`;
