// Jest Snapshot v1, https://goo.gl/fbAQLP

exports[`<Button /> should render the button correctly 1`] = `
.c0 {
  cursor: pointer;
  display: -webkit-box;
  display: -webkit-flex;
  display: -ms-flexbox;
  display: flex;
  -webkit-align-items: center;
  -webkit-box-align: center;
  -ms-flex-align: center;
  align-items: center;
  -webkit-box-pack: center;
  -webkit-justify-content: center;
  -ms-flex-pack: center;
  justify-content: center;
  width: 12rem;
  height: 3.2rem;
  font-size: 1.6rem;
  font-weight: 700;
  color: #FFFFFF;
  border: none;
  border-radius: 0.8rem;
  -webkit-transition: 0.3s ease-in-out;
  transition: 0.3s ease-in-out;
  background: #6084e9;
}

.c0:not(:disabled):is(:hover,:focus) {
  background: #3361e3;
}

.c0:disabled {
  cursor: not-allowed;
  background: #a4a4a4;
}

<button
  class="c0"
>
  Button
</button>
`;
