// Jest Snapshot v1, https://goo.gl/fbAQLP

exports[`<Post /> should render the post correctly 1`] = `
.c4 {
  cursor: pointer;
  color: #FFFFFF;
}

.c2 {
  font-size: 2.2rem;
  font-weight: 700;
  color: #FFFFFF;
}

.c0 {
  overflow: hidden;
  background: #FFFFFF;
  border: 1px solid #CCCCCC;
  border-radius: 1.6rem;
  width: 100%;
}

.c5 {
  display: -webkit-box;
  display: -webkit-flex;
  display: -ms-flexbox;
  display: flex;
  -webkit-flex-direction: column;
  -ms-flex-direction: column;
  flex-direction: column;
  gap: 2.4rem;
  width: 100%;
  padding: 2.4rem;
}

.c1 {
  display: -webkit-box;
  display: -webkit-flex;
  display: -ms-flexbox;
  display: flex;
  -webkit-align-items: center;
  -webkit-box-align: center;
  -ms-flex-align: center;
  align-items: center;
  -webkit-box-pack: justify;
  -webkit-justify-content: space-between;
  -ms-flex-pack: justify;
  justify-content: space-between;
  width: 100%;
  padding: 2.7rem 3.7rem;
  background: #7695EC;
}

.c3 {
  display: -webkit-box;
  display: -webkit-flex;
  display: -ms-flexbox;
  display: flex;
  gap: 2.38rem;
  -webkit-align-items: center;
  -webkit-box-align: center;
  -ms-flex-align: center;
  align-items: center;
}

.c6 {
  display: -webkit-box;
  display: -webkit-flex;
  display: -ms-flexbox;
  display: flex;
  -webkit-align-items: center;
  -webkit-box-align: center;
  -ms-flex-align: center;
  align-items: center;
  -webkit-box-pack: justify;
  -webkit-justify-content: space-between;
  -ms-flex-pack: justify;
  justify-content: space-between;
  margin-bottom: 1.6rem;
}

.c7 {
  font-size: 1.8rem;
  font-weight: 700;
  color: #777777;
}

.c8 {
  font-size: 1.8rem;
  color: #777777;
}

.c9 {
  font-size: 1.8rem;
}

<div
  class="c0"
>
  <div
    class="c1"
  >
    <h2
      class="c2"
      color="secondary"
    >
      My First Post at CodeLeap Network!
    </h2>
    <div
      class="c3"
    >
      <div
        class="c4"
      >
        <svg
          height="24"
          viewBox="0 0 24 24"
          width="24"
          xmlns="http://www.w3.org/2000/svg"
        >
          <path
            d="M6 19c0 1.1.9 2 2 2h8c1.1 0 2-.9 2-2V7H6v12zm2.46-7.12l1.41-1.41L12 12.59l2.12-2.12l1.41 1.41L13.41 14l2.12 2.12l-1.41 1.41L12 15.41l-2.12 2.12l-1.41-1.41L10.59 14l-2.13-2.12zM15.5 4l-1-1h-5l-1 1H5v2h14V4z"
            fill="currentColor"
          />
        </svg>
      </div>
      <div
        class="c4"
      >
        <svg
          height="24"
          viewBox="0 0 24 24"
          width="24"
          xmlns="http://www.w3.org/2000/svg"
        >
          <path
            d="m7 17.013l4.413-.015l9.632-9.54c.378-.378.586-.88.586-1.414s-.208-1.036-.586-1.414l-1.586-1.586c-.756-.756-2.075-.752-2.825-.003L7 12.583v4.43zM18.045 4.458l1.589 1.583l-1.597 1.582l-1.586-1.585l1.594-1.58zM9 13.417l6.03-5.973l1.586 1.586l-6.029 5.971L9 15.006v-1.589z"
            fill="currentColor"
          />
          <path
            d="M5 21h14c1.103 0 2-.897 2-2v-8.668l-2 2V19H8.158c-.026 0-.053.01-.079.01c-.033 0-.066-.009-.1-.01H5V5h6.847l2-2H5c-1.103 0-2 .897-2 2v14c0 1.103.897 2 2 2z"
            fill="currentColor"
          />
        </svg>
      </div>
    </div>
  </div>
  <div
    class="c5"
  >
    <div
      class="c6"
    >
      <strong
        class="c7"
      >
        @
        GabrielGuedess
      </strong>
      <span
        class="c8"
      >
        an hour ago
      </span>
    </div>
    <span
      class="c9"
    >
      Text
    </span>
  </div>
</div>
`;
